[burton.html.redbrush.eu/index.html]
[backblue.gif]
[fade.gif]
[index.html]
[burton.html.redbrush.eu/img/favicon.ico]
[burton.html.redbrush.eu/white.html]
[burton.html.redbrush.eu/img/back/p_img1.jpg]
[burton.html.redbrush.eu/img/back/p_img6.jpg]
[burton.html.redbrush.eu/img/back/p_img2.jpg]
[burton.html.redbrush.eu/img/back/p_img3.jpg]
[burton.html.redbrush.eu/img/back/p_img4.jpg]
[burton.html.redbrush.eu/img/back/p_img5.jpg]
[burton.html.redbrush.eu/img/back/logo-codekit.png]
[burton.html.redbrush.eu/img/back/logo-envato.png]
[burton.html.redbrush.eu/img/back/logo-github.png]
[burton.html.redbrush.eu/img/back/logo-jquery.png]
[burton.html.redbrush.eu/img/back/logo-niton.png]
[ajax.googleapis.com/ajax/libs/jquery/3.1.1/jquery.min.js]
[burton.html.redbrush.eu/js/headroom.js]
[burton.html.redbrush.eu/js/photoswipe.min.js]
[burton.html.redbrush.eu/js/skrollr.js]
[burton.html.redbrush.eu/js/progressbar.js]
[burton.html.redbrush.eu/js/jquery.hover3d.js]
[burton.html.redbrush.eu/js/photoswipe-ui-default.min.js]
[burton.html.redbrush.eu/js/progressbar_tools.js]
[burton.html.redbrush.eu/js/styleswitcher.js]
[burton.html.redbrush.eu/js/main.js]
[burton.html.redbrush.eu/index.html]
[burton.html.redbrush.eu/css/bootstrap.css]
[burton.html.redbrush.eu/fonts/fontawesome-webfont5b62.eot]
[burton.html.redbrush.eu/fonts/fontawesome-webfontd41d.eot]
[burton.html.redbrush.eu/fonts/fontawesome-webfont5b62.woff2]
[burton.html.redbrush.eu/fonts/fontawesome-webfont5b62.woff]
[burton.html.redbrush.eu/fonts/fontawesome-webfont5b62.ttf]
[burton.html.redbrush.eu/css/font-awesome.css]
[burton.html.redbrush.eu/fonts/Simple-Line-Icons06c8.eot]
[burton.html.redbrush.eu/fonts/Simple-Line-Icons06c8.woff2]
[burton.html.redbrush.eu/fonts/Simple-Line-Icons06c8.ttf]
[burton.html.redbrush.eu/fonts/Simple-Line-Icons06c8.woff]
[burton.html.redbrush.eu/css/simple-line-icons.css]
[burton.html.redbrush.eu/css/fonts.css]
[burton.html.redbrush.eu/css/animate.min.css]
[burton.html.redbrush.eu/css/photoswipe.css]
[burton.html.redbrush.eu/css/default-skin/default-skin.png]
[burton.html.redbrush.eu/css/default-skin/preloader.gif]
[burton.html.redbrush.eu/css/default-skin/default-skin.css]
[burton.html.redbrush.eu/img/back/background.jpg]
[burton.html.redbrush.eu/css/style.css]
[burton.html.redbrush.eu/css/style_switcher.css]
[burton.html.redbrush.eu/index-2.html]
[burton.html.redbrush.eu/js/progressbar_tools_white.js]
[burton.html.redbrush.eu/white.html]
[burton.html.redbrush.eu/fonts/fontawesome-webfont5b62.svg]
[burton.html.redbrush.eu/fonts/Simple-Line-Icons06c8.svg]
[burton.html.redbrush.eu/css/default-skin/default-skin.svg]
[burton.html.redbrush.eu/css/white.css]
[burton.html.redbrush.eu/index-2.html]
[burton.html.redbrush.eu/fonts/FuturaRegular/FuturaRegular.html]
[burton.html.redbrush.eu/fonts/FuturaRegular/FuturaRegulard41d.html]
[burton.html.redbrush.eu/fonts/FuturaRegular/FuturaRegular-2.html]
[burton.html.redbrush.eu/fonts/FuturaRegular/FuturaRegular-3.html]
[burton.html.redbrush.eu/fonts/FuturaBold/FuturaBold.html]
[burton.html.redbrush.eu/fonts/FuturaBold/FuturaBoldd41d.html]
[burton.html.redbrush.eu/fonts/FuturaBold/FuturaBold-2.html]
[burton.html.redbrush.eu/fonts/FuturaBold/FuturaBold-3.html]
